// Vitest Snapshot v1, https://vitest.dev/guide/snapshot.html

exports[`Footer — snapshot > matches snapshot 1`] = `
<footer
  class="border-t"
  style="border-color: var(--ndl-border); background: var(--ndl-footer-bg);"
>
  <div
    class="max-w-7xl mx-auto px-6 sm:px-10 py-14"
  >
    <div
      class="grid grid-cols-2 sm:grid-cols-4 gap-10 mb-12"
    >
      <div
        class="col-span-2 sm:col-span-1 space-y-4"
      >
        <div
          class="flex items-center gap-2.5"
        >
          <div
            class="w-7 h-7 rounded-lg flex items-center justify-center font-bold ndl-on-accent text-xs"
            style="background: linear-gradient(135deg, rgb(37, 99, 235), rgb(99, 102, 241));"
          >
            N
          </div>
          <span
            class="text-sm font-semibold"
            style="color: var(--ndl-text);"
          >
            NexusDigitalLabs
          </span>
        </div>
        <p
          class="text-xs font-light leading-relaxed max-w-[200px]"
          style="color: var(--ndl-faint);"
        >
          Minimalist web utilities and developer tools built for speed, privacy, and utility.
        </p>
        <a
          class="inline-flex items-center justify-center gap-2 text-sm font-semibold px-5 py-2.5 rounded-xl no-underline transition-all duration-200 hover:-translate-y-0.5 "
          href="https://ko-fi.com/nexusdigitallabs"
          rel="noopener noreferrer"
          style="color: rgb(255, 255, 255); background: rgb(255, 94, 91); box-shadow: 0 4px 16px rgba(255,94,91,0.28);"
          target="_blank"
        >
          <svg
            aria-hidden="true"
            class="w-4 h-4"
            fill="currentColor"
            viewBox="0 0 24 24"
          >
            <path
              d="M18.5 3H5a1 1 0 00-1 1v7.5A4.5 4.5 0 008.5 16H11v1.5A2.5 2.5 0 0013.5 20h1A2.5 2.5 0 0017 17.5V16h.5A4.5 4.5 0 0022 11.5V8a1 1 0 00-1-1h-2.5V4a1 1 0 00-1-1zm1.5 8.5a2.5 2.5 0 01-2.5 2.5H17v-5h3v2.5zM7 5h10v9H8.5A2.5 2.5 0 016 11.5V5z"
            />
          </svg>
          Tip on Ko-fi
        </a>
      </div>
      <div>
        <p
          class="text-[10px] font-semibold tracking-widest uppercase mb-4"
          style="color: var(--ndl-faint);"
        >
          Company
        </p>
        <div
          class="space-y-3"
        >
          <a
            class="ndl-footer-link block text-sm transition-colors no-underline"
            href="/about"
          >
            About
          </a>
          <a
            class="ndl-footer-link block text-sm transition-colors no-underline"
            href="/contact"
          >
            Contact
          </a>
          <a
            class="ndl-footer-link block text-sm transition-colors no-underline"
            href="/privacy-policy"
          >
            Privacy Policy
          </a>
          <a
            class="ndl-footer-link block text-sm transition-colors no-underline"
            href="/terms"
          >
            Terms of Use
          </a>
        </div>
      </div>
      <div>
        <p
          class="text-[10px] font-semibold tracking-widest uppercase mb-4"
          style="color: var(--ndl-faint);"
        >
          Tools
        </p>
        <div
          class="space-y-3"
        >
          <a
            class="ndl-footer-link block text-sm transition-colors no-underline"
            href="/tools/prompt-architect"
          >
            Prompt Architect
          </a>
          <a
            class="ndl-footer-link block text-sm transition-colors no-underline"
            href="/tools/json-engine"
          >
            JSON Engine
          </a>
          <a
            class="ndl-footer-link block text-sm transition-colors no-underline"
            href="/tools/svg-studio"
          >
            SVG Studio
          </a>
          <a
            class="ndl-footer-link block text-sm transition-colors no-underline"
            href="/tools/env-formatter"
          >
            Env Formatter
          </a>
          <a
            class="ndl-footer-link block text-sm transition-colors no-underline"
            href="/tools/prompt-packager"
          >
            Prompt Packager
          </a>
          <a
            class="ndl-footer-link block text-sm transition-colors no-underline"
            href="/tools/invoice-generator"
          >
            Invoice Generator
          </a>
          <a
            class="ndl-footer-link block text-sm transition-colors no-underline"
            href="/tools/debt-optimizer"
          >
            Debt Optimizer
          </a>
          <a
            class="ndl-footer-link block text-sm transition-colors no-underline"
            href="/tools/fuel-tracker"
          >
            Fuel Tracker
          </a>
        </div>
      </div>
      <div>
        <p
          class="text-[10px] font-semibold tracking-widest uppercase mb-4"
          style="color: var(--ndl-faint);"
        >
          Games
        </p>
        <div
          class="space-y-3"
        >
          <a
            class="ndl-footer-link block text-sm transition-colors no-underline"
            href="/games"
          >
            All Games
          </a>
          <a
            class="ndl-footer-link block text-sm transition-colors no-underline"
            href="/games/2048"
          >
            2048
          </a>
          <a
            class="ndl-footer-link block text-sm transition-colors no-underline"
            href="/games/snake"
          >
            Snake
          </a>
          <a
            class="ndl-footer-link block text-sm transition-colors no-underline"
            href="/games/blackjack"
          >
            Blackjack
          </a>
          <a
            class="ndl-footer-link block text-sm transition-colors no-underline"
            href="/games/sudoku"
          >
            Nexus Sudoku
          </a>
          <a
            class="ndl-footer-link block text-sm transition-colors no-underline"
            href="/games/gridlock"
          >
            Gridlock
          </a>
          <a
            class="ndl-footer-link block text-sm transition-colors no-underline"
            href="/games/sumoku"
          >
            Sumoku
          </a>
          <a
            class="ndl-footer-link block text-sm transition-colors no-underline"
            href="/games/cryptic-paths"
          >
            Cryptic Paths
          </a>
          <a
            class="ndl-footer-link block text-sm transition-colors no-underline"
            href="/games/semantic-shift"
          >
            Semantic Shift
          </a>
        </div>
      </div>
    </div>
    <div
      class="pt-8 border-t flex flex-col sm:flex-row items-center justify-between gap-3 text-[11px]"
      style="border-color: var(--ndl-border-soft); color: var(--ndl-faint);"
    >
      <span>
        © 
        2026
         NexusDigitalLabs. All rights reserved.
      </span>
      <span>
        Privacy-first · Optional accounts
      </span>
    </div>
  </div>
</footer>
`;
